---
source: apps/server/src/domain/error_code.rs
---
[
  {
    "code": "AUTH_2FA_ENROLLMENT_REQUIRED",
    "status": 403,
    "retryable": false
  },
  {
    "code": "AUTH_PASSWORD_CHANGE_REQUIRED",
    "status": 403,
    "retryable": false
  },
  {
    "code": "AUTH_RECENT_AUTH_REQUIRED",
    "status": 403,
    "retryable": false
  },
  {
    "code": "AUTH_REQUIRED",
    "status": 401,
    "retryable": false
  },
  {
    "code": "BATCH_TOO_LARGE",
    "status": 422,
    "retryable": false
  },
  {
    "code": "BRANDING_ASSET_UNKNOWN",
    "status": 404,
    "retryable": false
  },
  {
    "code": "CSRF_TOKEN_INVALID",
    "status": 403,
    "retryable": false
  },
  {
    "code": "CSRF_TOKEN_MISSING",
    "status": 403,
    "retryable": false
  },
  {
    "code": "CURSOR_INVALID",
    "status": 400,
    "retryable": false
  },
  {
    "code": "DATABASE_BUSY",
    "status": 503,
    "retryable": true
  },
  {
    "code": "FEATURE_UNAVAILABLE_SMTP",
    "status": 409,
    "retryable": false
  },
  {
    "code": "FILE_NOT_FOUND",
    "status": 404,
    "retryable": false
  },
  {
    "code": "FORBIDDEN",
    "status": 403,
    "retryable": false
  },
  {
    "code": "IDEMPOTENCY_KEY_CONFLICT",
    "status": 409,
    "retryable": false
  },
  {
    "code": "IDEMPOTENCY_REQUEST_IN_PROGRESS",
    "status": 409,
    "retryable": true
  },
  {
    "code": "INTERNAL_ERROR",
    "status": 500,
    "retryable": true
  },
  {
    "code": "INVALID_JSON",
    "status": 400,
    "retryable": false
  },
  {
    "code": "METHOD_NOT_ALLOWED",
    "status": 405,
    "retryable": false
  },
  {
    "code": "NOT_FOUND",
    "status": 404,
    "retryable": false
  },
  {
    "code": "ORIGIN_NOT_ALLOWED",
    "status": 403,
    "retryable": false
  },
  {
    "code": "PASSWORD_POLICY_VIOLATION",
    "status": 422,
    "retryable": false
  },
  {
    "code": "RANGE_NOT_SATISFIABLE",
    "status": 416,
    "retryable": false
  },
  {
    "code": "RATE_LIMITED",
    "status": 429,
    "retryable": true
  },
  {
    "code": "REQUEST_BODY_TOO_LARGE",
    "status": 413,
    "retryable": false
  },
  {
    "code": "REQUEST_TIMEOUT",
    "status": 408,
    "retryable": false
  },
  {
    "code": "SERVICE_UNAVAILABLE",
    "status": 503,
    "retryable": true
  },
  {
    "code": "SESSION_NOT_FOUND",
    "status": 404,
    "retryable": false
  },
  {
    "code": "SETUP_ALREADY_COMPLETED",
    "status": 409,
    "retryable": false
  },
  {
    "code": "STORAGE_FULL",
    "status": 507,
    "retryable": true
  },
  {
    "code": "STORAGE_PROVIDER_MISMATCH",
    "status": 500,
    "retryable": false
  },
  {
    "code": "STORAGE_SIZE_MISMATCH",
    "status": 500,
    "retryable": false
  },
  {
    "code": "STORAGE_UNAVAILABLE",
    "status": 503,
    "retryable": true
  },
  {
    "code": "UNSUPPORTED_MEDIA_TYPE",
    "status": 415,
    "retryable": false
  },
  {
    "code": "USER_EMAIL_TAKEN",
    "status": 409,
    "retryable": false
  },
  {
    "code": "USER_USERNAME_TAKEN",
    "status": 409,
    "retryable": false
  },
  {
    "code": "VALIDATION_ERROR",
    "status": 422,
    "retryable": false
  }
]
